// Jest Snapshot v1, https://goo.gl/fbAQLP

exports[`Pruebas en </GifItem> Debe hacer match con el snapshot 1`] = `
<div>
  <div
    class="card"
  >
    <img
      alt="Kakarotto"
      src="https://kakaroto.com/goku.jpg"
    />
    <p>
      Kakarotto
    </p>
  </div>
</div>
`;
